{
  "authority_levels": {
    "nominal": 0.4,
    "brake": 0.5,
    "escape": 0.6
  },
  "braking": {
    "nominal": {
      "v0": 0.455,
      "stop_distance_m": 0.101,
      "stop_time_s": 0.6,
      "a_eff_from_distance": 1.021,
      "a_eff_from_time": 0.758
    },
    "brake": {
      "v0": 0.449,
      "stop_distance_m": 0.103,
      "stop_time_s": 0.6,
      "a_eff_from_distance": 0.978,
      "a_eff_from_time": 0.748
    },
    "escape": {
      "v0": 0.454,
      "stop_distance_m": 0.109,
      "stop_time_s": 0.6,
      "a_eff_from_distance": 0.943,
      "a_eff_from_time": 0.756
    }
  },
  "reversal": {
    "overshoot_m": 0.043,
    "time_to_minus_0.3_m_s": 0.5
  },
  "station_keeping": {
    "0.25": {
      "residual_drift_m_s": 0.0015,
      "net_displacement_m": 0.306,
      "max_abs_vy": 0.099
    },
    "0.40": {
      "residual_drift_m_s": -0.0001,
      "net_displacement_m": 0.541,
      "max_abs_vy": 0.188
    },
    "0.60": {
      "residual_drift_m_s": 0.033,
      "net_displacement_m": 1.336,
      "max_abs_vy": 0.275
    },
    "0.80": {
      "residual_drift_m_s": 0.1575,
      "net_displacement_m": 3.962,
      "max_abs_vy": 0.377
    }
  }
}
